Archive member included to satisfy reference by file (symbol)

C:/Users/kccit/STM32CubeIDE_1.19.0/STM32CubeIDE/plugins/com.st.stm32cube.ide.mcu.externaltools.gnu-tools-for-stm32.13.3.rel1.win32_1.0.0.202411081344/tools/bin/../lib/gcc/arm-none-eabi/13.3.1/../../../../arm-none-eabi/lib/thumb/v7e-m+fp/hard\libc_nano.a(libc_a-exit.o)
                              C:/Users/kccit/STM32CubeIDE_1.19.0/STM32CubeIDE/plugins/com.st.stm32cube.ide.mcu.externaltools.gnu-tools-for-stm32.13.3.rel1.win32_1.0.0.202411081344/tools/bin/../lib/gcc/arm-none-eabi/13.3.1/../../../../arm-none-eabi/lib/thumb/v7e-m+fp/hard/crt0.o (exit)
C:/Users/kccit/STM32CubeIDE_1.19.0/STM32CubeIDE/plugins/com.st.stm32cube.ide.mcu.externaltools.gnu-tools-for-stm32.13.3.rel1.win32_1.0.0.202411081344/tools/bin/../lib/gcc/arm-none-eabi/13.3.1/../../../../arm-none-eabi/lib/thumb/v7e-m+fp/hard\libc_nano.a(libc_a-findfp.o)
                              C:/Users/kccit/STM32CubeIDE_1.19.0/STM32CubeIDE/plugins/com.st.stm32cube.ide.mcu.externaltools.gnu-tools-for-stm32.13.3.rel1.win32_1.0.0.202411081344/tools/bin/../lib/gcc/arm-none-eabi/13.3.1/../../../../arm-none-eabi/lib/thumb/v7e-m+fp/hard\libc_nano.a(libc_a-exit.o) (__stdio_exit_handler)
C:/Users/kccit/STM32CubeIDE_1.19.0/STM32CubeIDE/plugins/com.st.stm32cube.ide.mcu.externaltools.gnu-tools-for-stm32.13.3.rel1.win32_1.0.0.202411081344/tools/bin/../lib/gcc/arm-none-eabi/13.3.1/../../../../arm-none-eabi/lib/thumb/v7e-m+fp/hard\libc_nano.a(libc_a-fwalk.o)
                              C:/Users/kccit/STM32CubeIDE_1.19.0/STM32CubeIDE/plugins/com.st.stm32cube.ide.mcu.externaltools.gnu-tools-for-stm32.13.3.rel1.win32_1.0.0.202411081344/tools/bin/../lib/gcc/arm-none-eabi/13.3.1/../../../../arm-none-eabi/lib/thumb/v7e-m+fp/hard\libc_nano.a(libc_a-findfp.o) (_fwalk_sglue)
C:/Users/kccit/STM32CubeIDE_1.19.0/STM32CubeIDE/plugins/com.st.stm32cube.ide.mcu.externaltools.gnu-tools-for-stm32.13.3.rel1.win32_1.0.0.202411081344/tools/bin/../lib/gcc/arm-none-eabi/13.3.1/../../../../arm-none-eabi/lib/thumb/v7e-m+fp/hard\libc_nano.a(libc_a-stdio.o)
                              C:/Users/kccit/STM32CubeIDE_1.19.0/STM32CubeIDE/plugins/com.st.stm32cube.ide.mcu.externaltools.gnu-tools-for-stm32.13.3.rel1.win32_1.0.0.202411081344/tools/bin/../lib/gcc/arm-none-eabi/13.3.1/../../../../arm-none-eabi/lib/thumb/v7e-m+fp/hard\libc_nano.a(libc_a-findfp.o) (__sread)
C:/Users/kccit/STM32CubeIDE_1.19.0/STM32CubeIDE/plugins/com.st.stm32cube.ide.mcu.externaltools.gnu-tools-for-stm32.13.3.rel1.win32_1.0.0.202411081344/tools/bin/../lib/gcc/arm-none-eabi/13.3.1/../../../../arm-none-eabi/lib/thumb/v7e-m+fp/hard\libc_nano.a(libc_a-memcmp.o)
                              ./Core/Src/main.o (memcmp)
C:/Users/kccit/STM32CubeIDE_1.19.0/STM32CubeIDE/plugins/com.st.stm32cube.ide.mcu.externaltools.gnu-tools-for-stm32.13.3.rel1.win32_1.0.0.202411081344/tools/bin/../lib/gcc/arm-none-eabi/13.3.1/../../../../arm-none-eabi/lib/thumb/v7e-m+fp/hard\libc_nano.a(libc_a-memset.o)
                              C:/Users/kccit/STM32CubeIDE_1.19.0/STM32CubeIDE/plugins/com.st.stm32cube.ide.mcu.externaltools.gnu-tools-for-stm32.13.3.rel1.win32_1.0.0.202411081344/tools/bin/../lib/gcc/arm-none-eabi/13.3.1/../../../../arm-none-eabi/lib/thumb/v7e-m+fp/hard/crt0.o (memset)
C:/Users/kccit/STM32CubeIDE_1.19.0/STM32CubeIDE/plugins/com.st.stm32cube.ide.mcu.externaltools.gnu-tools-for-stm32.13.3.rel1.win32_1.0.0.202411081344/tools/bin/../lib/gcc/arm-none-eabi/13.3.1/../../../../arm-none-eabi/lib/thumb/v7e-m+fp/hard\libc_nano.a(libc_a-closer.o)
                              C:/Users/kccit/STM32CubeIDE_1.19.0/STM32CubeIDE/plugins/com.st.stm32cube.ide.mcu.externaltools.gnu-tools-for-stm32.13.3.rel1.win32_1.0.0.202411081344/tools/bin/../lib/gcc/arm-none-eabi/13.3.1/../../../../arm-none-eabi/lib/thumb/v7e-m+fp/hard\libc_nano.a(libc_a-stdio.o) (_close_r)
C:/Users/kccit/STM32CubeIDE_1.19.0/STM32CubeIDE/plugins/com.st.stm32cube.ide.mcu.externaltools.gnu-tools-for-stm32.13.3.rel1.win32_1.0.0.202411081344/tools/bin/../lib/gcc/arm-none-eabi/13.3.1/../../../../arm-none-eabi/lib/thumb/v7e-m+fp/hard\libc_nano.a(libc_a-reent.o)
                              C:/Users/kccit/STM32CubeIDE_1.19.0/STM32CubeIDE/plugins/com.st.stm32cube.ide.mcu.externaltools.gnu-tools-for-stm32.13.3.rel1.win32_1.0.0.202411081344/tools/bin/../lib/gcc/arm-none-eabi/13.3.1/../../../../arm-none-eabi/lib/thumb/v7e-m+fp/hard\libc_nano.a(libc_a-closer.o) (errno)
C:/Users/kccit/STM32CubeIDE_1.19.0/STM32CubeIDE/plugins/com.st.stm32cube.ide.mcu.externaltools.gnu-tools-for-stm32.13.3.rel1.win32_1.0.0.202411081344/tools/bin/../lib/gcc/arm-none-eabi/13.3.1/../../../../arm-none-eabi/lib/thumb/v7e-m+fp/hard\libc_nano.a(libc_a-impure.o)
[...]
Memory Configuration

Name             Origin             Length             Attributes
RAM              0x20000000         0x00020000         xrw
FLASH            0x08000000         0x00080000         xr
*default*        0x00000000         0xffffffff

Linker script and memory map

LOAD C:/Users/kccit/STM32CubeIDE_1.19.0/STM32CubeIDE/plugins/com.st.stm32cube.ide.mcu.externaltools.gnu-tools-for-stm32.13.3.rel1.win32_1.0.0.202411081344/tools/bin/../lib/gcc/arm-none-eabi/13.3.1/thumb/v7e-m+fp/hard/crti.o
LOAD C:/Users/kccit/STM32CubeIDE_1.19.0/STM32CubeIDE/plugins/com.st.stm32cube.ide.mcu.externaltools.gnu-tools-for-stm32.13.3.rel1.win32_1.0.0.202411081344/tools/bin/../lib/gcc/arm-none-eabi/13.3.1/thumb/v7e-m+fp/hard/crtbegin.o
LOAD C:/Users/kccit/STM32CubeIDE_1.19.0/STM32CubeIDE/plugins/com.st.stm32cube.ide.mcu.externaltools.gnu-tools-for-stm32.13.3.rel1.win32_1.0.0.202411081344/tools/bin/../lib/gcc/arm-none-eabi/13.3.1/../../../../arm-none-eabi/lib/thumb/v7e-m+fp/hard/crt0.o
LOAD ./Core/Src/RC522.o
LOAD ./Core/Src/gpio.o
LOAD ./Core/Src/i2c-lcd.o
LOAD ./Core/Src/i2c.o
LOAD ./Core/Src/main.o
LOAD ./Core/Src/spi.o
LOAD ./Core/Src/stm32f4xx_hal_msp.o
LOAD ./Core/Src/stm32f4xx_it.o
LOAD ./Core/Src/syscalls.o
LOAD ./Core/Src/sysmem.o
LOAD ./Core/Src/system_stm32f4xx.o
LOAD ./Core/Src/usart.o
LOAD ./Core/Startup/startup_stm32f411retx.o
LOAD ./Drivers/STM32F4xx_HAL_Driver/Src/stm32f4xx_hal.o
LOAD ./Drivers/STM32F4xx_HAL_Driver/Src/stm32f4xx_hal_cortex.o
LOAD ./Drivers/STM32F4xx_HAL_Driver/Src/stm32f4xx_hal_dma.o
LOAD ./Drivers/STM32F4xx_HAL_Driver/Src/stm32f4xx_hal_dma_ex.o
LOAD ./Drivers/STM32F4xx_HAL_Driver/Src/stm32f4xx_hal_exti.o
LOAD ./Drivers/STM32F4xx_HAL_Driver/Src/stm32f4xx_hal_flash.o
LOAD ./Drivers/STM32F4xx_HAL_Driver/Src/stm32f4xx_hal_flash_ex.o
LOAD ./Drivers/STM32F4xx_HAL_Driver/Src/stm32f4xx_hal_flash_ramfunc.o
LOAD ./Drivers/STM32F4xx_HAL_Driver/Src/stm32f4xx_hal_gpio.o
LOAD ./Drivers/STM32F4xx_HAL_Driver/Src/stm32f4xx_hal_i2c.o
LOAD ./Drivers/STM32F4xx_HAL_Driver/Src/stm32f4xx_hal_i2c_ex.o
LOAD ./Drivers/STM32F4xx_HAL_Driver/Src/stm32f4xx_hal_pwr.o
LOAD ./Drivers/STM32F4xx_HAL_Driver/Src/stm32f4xx_hal_pwr_ex.o
LOAD ./Drivers/STM32F4xx_HAL_Driver/Src/stm32f4xx_hal_rcc.o
LOAD ./Drivers/STM32F4xx_HAL_Driver/Src/stm32f4xx_hal_rcc_ex.o
LOAD ./Drivers/STM32F4xx_HAL_Driver/Src/stm32f4xx_hal_spi.o
LOAD ./Drivers/STM32F4xx_HAL_Driver/Src/stm32f4xx_hal_uart.o
START GROUP
LOAD C:/Users/kccit/STM32CubeIDE_1.19.0/STM32CubeIDE/plugins/com.st.stm32cube.ide.mcu.externaltools.gnu-tools-for-stm32.13.3.rel1.win32_1.0.0.202411081344/tools/bin/../lib/gcc/arm-none-eabi/13.3.1/../../../../arm-none-eabi/lib/thumb/v7e-m+fp/hard\libc_nano.a
LOAD C:/Users/kccit/STM32CubeIDE_1.19.0/STM32CubeIDE/plugins/com.st.stm32cube.ide.mcu.externaltools.gnu-tools-for-stm32.13.3.rel1.win32_1.0.0.202411081344/tools/bin/../lib/gcc/arm-none-eabi/13.3.1/../../../../arm-none-eabi/lib/thumb/v7e-m+fp/hard\libm.a
END GROUP
START GROUP
LOAD C:/Users/kccit/STM32CubeIDE_1.19.0/STM32CubeIDE/plugins/com.st.stm32cube.ide.mcu.externaltools.gnu-tools-for-stm32.13.3.rel1.win32_1.0.0.202411081344/tools/bin/../lib/gcc/arm-none-eabi/13.3.1/thumb/v7e-m+fp/hard\libgcc.a
LOAD C:/Users/kccit/STM32CubeIDE_1.19.0/STM32CubeIDE/plugins/com.st.stm32cube.ide.mcu.externaltools.gnu-tools-for-stm32.13.3.rel1.win32_1.0.0.202411081344/tools/bin/../lib/gcc/arm-none-eabi/13.3.1/../../../../arm-none-eabi/lib/thumb/v7e-m+fp/hard\libc_nano.a
END GROUP
START GROUP
LOAD C:/Users/kccit/STM32CubeIDE_1.19.0/STM32CubeIDE/plugins/com.st.stm32cube.ide.mcu.externaltools.gnu-tools-for-stm32.13.3.rel1.win32_1.0.0.202411081344/tools/bin/../lib/gcc/arm-none-eabi/13.3.1/thumb/v7e-m+fp/hard\libgcc.a
LOAD C:/Users/kccit/STM32CubeIDE_1.19.0/STM32CubeIDE/plugins/com.st.stm32cube.ide.mcu.externaltools.gnu-tools-for-stm32.13.3.rel1.win32_1.0.0.202411081344/tools/bin/../lib/gcc/arm-none-eabi/13.3.1/../../../../arm-none-eabi/lib/thumb/v7e-m+fp/hard\libc_nano.a
LOAD C:/Users/kccit/STM32CubeIDE_1.19.0/STM32CubeIDE/plugins/com.st.stm32cube.ide.mcu.externaltools.gnu-tools-for-stm32.13.3.rel1.win32_1.0.0.202411081344/tools/bin/../lib/gcc/arm-none-eabi/13.3.1/../../../../arm-none-eabi/lib/thumb/v7e-m+fp/hard\libnosys.a
END GROUP
START GROUP
LOAD C:/Users/kccit/STM32CubeIDE_1.19.0/STM32CubeIDE/plugins/com.st.stm32cube.ide.mcu.externaltools.gnu-tools-for-stm32.13.3.rel1.win32_1.0.0.202411081344/tools/bin/../lib/gcc/arm-none-eabi/13.3.1/thumb/v7e-m+fp/hard\libgcc.a
LOAD C:/Users/kccit/STM32CubeIDE_1.19.0/STM32CubeIDE/plugins/com.st.stm32cube.ide.mcu.externaltools.gnu-tools-for-stm32.13.3.rel1.win32_1.0.0.202411081344/tools/bin/../lib/gcc/arm-none-eabi/13.3.1/../../../../arm-none-eabi/lib/thumb/v7e-m+fp/hard\libc_nano.a
LOAD C:/Users/kccit/STM32CubeIDE_1.19.0/STM32CubeIDE/plugins/com.st.stm32cube.ide.mcu.externaltools.gnu-tools-for-stm32.13.3.rel1.win32_1.0.0.202411081344/tools/bin/../lib/gcc/arm-none-eabi/13.3.1/../../../../arm-none-eabi/lib/thumb/v7e-m+fp/hard\libnosys.a
END GROUP
LOAD C:/Users/kccit/STM32CubeIDE_1.19.0/STM32CubeIDE/plugins/com.st.stm32cube.ide.mcu.externaltools.gnu-tools-for-stm32.13.3.rel1.win32_1.0.0.202411081344/tools/bin/../lib/gcc/arm-none-eabi/13.3.1/thumb/v7e-m+fp/hard/crtend.o
LOAD C:/Users/kccit/STM32CubeIDE_1.19.0/STM32CubeIDE/plugins/com.st.stm32cube.ide.mcu.externaltools.gnu-tools-for-stm32.13.3.rel1.win32_1.0.0.202411081344/tools/bin/../lib/gcc/arm-none-eabi/13.3.1/thumb/v7e-m+fp/hard/crtn.o
                0x20020000                        _estack = (ORIGIN (RAM) + LENGTH (RAM))
                0x00000200                        _Min_Heap_Size = 0x200
                0x00000400                        _Min_Stack_Size = 0x400

.isr_vector     0x08000000      0x198
                0x08000000                        . = ALIGN (0x4)
 *(.isr_vector)
 .isr_vector    0x08000000      0x198 ./Core/Startup/startup_stm32f411retx.o
                0x08000000                g_pfnVectors
                0x08000198                        . = ALIGN (0x4)

.text           0x08000198     0x3670
                0x08000198                        . = ALIGN (0x4)
 *(.text)
 .text          0x08000198       0x40 C:/Users/kccit/STM32CubeIDE_1.19.0/STM32CubeIDE/plugins/com.st.stm32cube.ide.mcu.externaltools.gnu-tools-for-stm32.13.3.rel1.win32_1.0.0.202411081344/tools/bin/../lib/gcc/arm-none-eabi/13.3.1/thumb/v7e-m+fp/hard/crtbegin.o
 .text          0x080001d8       0x30 C:/Users/kccit/STM32CubeIDE_1.19.0/STM32CubeIDE/plugins/com.st.stm32cube.ide.mcu.externaltools.gnu-tools-for-stm32.13.3.rel1.win32_1.0.0.202411081344/tools/bin/../lib/gcc/arm-none-eabi/13.3.1/thumb/v7e-m+fp/hard\libgcc.a(_aeabi_uldivmod.o)
                0x080001d8                __aeabi_uldivmod
 .text          0x08000208      0x2f8 C:/Users/kccit/STM32CubeIDE_1.19.0/STM32CubeIDE/plugins/com.st.stm32cube.ide.mcu.externaltools.gnu-tools-for-stm32.13.3.rel1.win32_1.0.0.202411081344/tools/bin/../lib/gcc/arm-none-eabi/13.3.1/thumb/v7e-m+fp/hard\libgcc.a(_udivmoddi4.o)
                0x08000208                __udivmoddi4
 .text          0x08000500        0x4 C:/Users/kccit/STM32CubeIDE_1.19.0/STM32CubeIDE/plugins/com.st.stm32cube.ide.mcu.externaltools.gnu-tools-for-stm32.13.3.rel1.win32_1.0.0.202411081344/tools/bin/../lib/gcc/arm-none-eabi/13.3.1/thumb/v7e-m+fp/hard\libgcc.a(_dvmd_tls.o)
                0x08000500                __aeabi_idiv0
                0x08000500                __aeabi_ldiv0
 *(.text*)
 .text.RC522_SPI_Transfer
                0x08000504       0x2c ./Core/Src/RC522.o
                0x08000504                RC522_SPI_Transfer
 .text.Write_MFRC522
                0x08000530       0x4c ./Core/Src/RC522.o
                0x08000530                Write_MFRC522
 .text.Read_MFRC522
                0x0800057c       0x54 ./Core/Src/RC522.o
                0x0800057c                Read_MFRC522
 .text.SetBitMask
                0x080005d0       0x36 ./Core/Src/RC522.o
                0x080005d0                SetBitMask
 .text.ClearBitMask
                0x08000606       0x40 ./Core/Src/RC522.o
                0x08000606                ClearBitMask
 .text.AntennaOn
                0x08000646       0x16 ./Core/Src/RC522.o
                0x08000646                AntennaOn
 .text.MFRC522_Reset
                0x0800065c       0x10 ./Core/Src/RC522.o
                0x0800065c                MFRC522_Reset
 .text.MFRC522_Init
                0x0800066c       0x5c ./Core/Src/RC522.o
                0x0800066c                MFRC522_Init
 .text.MFRC522_ToCard
                0x080006c8      0x192 ./Core/Src/RC522.o
                0x080006c8                MFRC522_ToCard
 .text.MFRC522_Request
                0x0800085a       0x4a ./Core/Src/RC522.o
                0x0800085a                MFRC522_Request
 .text.MFRC522_Anticoll
                0x080008a4       0x7a ./Core/Src/RC522.o
                0x080008a4                MFRC522_Anticoll
 *fill*         0x0800091e        0x2 
 .text.MX_GPIO_Init
                0x08000920      0x114 ./Core/Src/gpio.o
                0x08000920                MX_GPIO_Init
 .text.lcd_send_cmd
                0x08000a34       0x64 ./Core/Src/i2c-lcd.o
                0x08000a34                lcd_send_cmd
 .text.lcd_send_data
                0x08000a98       0x60 ./Core/Src/i2c-lcd.o
                0x08000a98                lcd_send_data
 .text.lcd_clear
                0x08000af8       0x14 ./Core/Src/i2c-lcd.o
                0x08000af8                lcd_clear
 .text.lcd_put_cur
                0x08000b0c       0x40 ./Core/Src/i2c-lcd.o
                0x08000b0c                lcd_put_cur
 .text.lcd_send_string
                0x08000b4c       0x2a ./Core/Src/i2c-lcd.o
                0x08000b4c                lcd_send_string
 .text.lcd_init
                0x08000b76       0x74 ./Core/Src/i2c-lcd.o
                0x08000b76                lcd_init
 *fill*         0x08000bea        0x2 
 .text.MX_I2C2_Init
                0x08000bec       0x5c ./Core/Src/i2c.o
                0x08000bec                MX_I2C2_Init
 .text.HAL_I2C_MspInit
                0x08000c48      0x11c ./Core/Src/i2c.o
                0x08000c48                HAL_I2C_MspInit
 .text.led_yellow_on
                0x08000d64       0x18 ./Core/Src/main.o
                0x08000d64                led_yellow_on
 .text.led_yellow_off
                0x08000d7c       0x18 ./Core/Src/main.o
                0x08000d7c                led_yellow_off
 .text.led_green_on
                0x08000d94       0x18 ./Core/Src/main.o
                0x08000d94                led_green_on
 .text.led_green_off
                0x08000dac       0x18 ./Core/Src/main.o
                0x08000dac                led_green_off
 .text.led_red_on
                0x08000dc4       0x18 ./Core/Src/main.o
                0x08000dc4                led_red_on
 .text.led_red_off
                0x08000ddc       0x18 ./Core/Src/main.o
                0x08000ddc                led_red_off
 .text.buzzer_on
                0x08000df4       0x18 ./Core/Src/main.o
                0x08000df4                buzzer_on
 .text.buzzer_off
                0x08000e0c       0x18 ./Core/Src/main.o
                0x08000e0c                buzzer_off
 .text.main     0x08000e24      0x128 ./Core/Src/main.o
                0x08000e24                main
 .text.SystemClock_Config
                0x08000f4c       0xd4 ./Core/Src/main.o
                0x08000f4c                SystemClock_Config
 .text.Error_Handler
                0x08001020        0xc ./Core/Src/main.o
                0x08001020                Error_Handler
 .text.MX_SPI1_Init
                0x0800102c       0x6c ./Core/Src/spi.o
                0x0800102c                MX_SPI1_Init
 .text.HAL_SPI_MspInit
                0x08001098       0x90 ./Core/Src/spi.o
                0x08001098                HAL_SPI_MspInit
 .text.HAL_MspInit
                0x08001128       0x50 ./Core/Src/stm32f4xx_hal_msp.o
                0x08001128                HAL_MspInit
 .text.NMI_Handler
                0x08001178        0x8 ./Core/Src/stm32f4xx_it.o
                0x08001178                NMI_Handler
 .text.HardFault_Handler
                0x08001180        0x8 ./Core/Src/stm32f4xx_it.o
                0x08001180                HardFault_Handler
 .text.MemManage_Handler
                0x08001188        0x8 ./Core/Src/stm32f4xx_it.o
                0x08001188                MemManage_Handler
 .text.BusFault_Handler
                0x08001190        0x8 ./Core/Src/stm32f4xx_it.o
                0x08001190                BusFault_Handler
 .text.UsageFault_Handler
                0x08001198        0x8 ./Core/Src/stm32f4xx_it.o
                0x08001198                UsageFault_Handler
 .text.SVC_Handler
                0x080011a0        0xe ./Core/Src/stm32f4xx_it.o
                0x080011a0                SVC_Handler
 .text.DebugMon_Handler
                0x080011ae        0xe ./Core/Src/stm32f4xx_it.o
                0x080011ae                DebugMon_Handler
 .text.PendSV_Handler
                0x080011bc        0xe ./Core/Src/stm32f4xx_it.o
                0x080011bc                PendSV_Handler
 .text.SysTick_Handler
                0x080011ca        0xc ./Core/Src/stm32f4xx_it.o
                0x080011ca                SysTick_Handler
 *fill*         0x080011d6        0x2 
 .text.SystemInit
                0x080011d8       0x24 ./Core/Src/system_stm32f4xx.o
                0x080011d8                SystemInit
 .text.MX_USART2_UART_Init
                0x080011fc       0x54 ./Core/Src/usart.o
                0x080011fc                MX_USART2_UART_Init
 .text.HAL_UART_MspInit
                0x08001250       0x90 ./Core/Src/usart.o
                0x08001250                HAL_UART_MspInit
 .text.Reset_Handler
                0x080012e0       0x50 ./Core/Startup/startup_stm32f411retx.o
                0x080012e0                Reset_Handler
 .text.Default_Handler
                0x08001330        0x2 ./Core/Startup/startup_stm32f411retx.o
                0x08001330                RTC_Alarm_IRQHandler
                0x08001330                EXTI2_IRQHandler
                0x08001330                SPI4_IRQHandler
                0x08001330                TIM1_CC_IRQHandler
                0x08001330                DMA2_Stream5_IRQHandler
                0x08001330                DMA1_Stream5_IRQHandler
                0x08001330                PVD_IRQHandler
                0x08001330                SDIO_IRQHandler
                0x08001330                TAMP_STAMP_IRQHandler
                0x08001330                EXTI3_IRQHandler
                0x08001330                TIM1_UP_TIM10_IRQHandler
                0x08001330                I2C3_ER_IRQHandler
                0x08001330                EXTI0_IRQHandler
                0x08001330                I2C2_EV_IRQHandler
                0x08001330                DMA1_Stream2_IRQHandler
                0x08001330                FPU_IRQHandler
                0x08001330                DMA2_Stream2_IRQHandler
                0x08001330                SPI1_IRQHandler
                0x08001330                TIM1_BRK_TIM9_IRQHandler
                0x08001330                DMA2_Stream3_IRQHandler
                0x08001330                USART6_IRQHandler
                0x08001330                DMA2_Stream0_IRQHandler
                0x08001330                TIM4_IRQHandler
                0x08001330                I2C1_EV_IRQHandler
                0x08001330                DMA1_Stream6_IRQHandler
                0x08001330                DMA1_Stream1_IRQHandler
                0x08001330                TIM3_IRQHandler
                0x08001330                RCC_IRQHandler
                0x08001330                Default_Handler
                0x08001330                EXTI15_10_IRQHandler
                0x08001330                ADC_IRQHandler
                0x08001330                DMA1_Stream7_IRQHandler
                0x08001330                SPI5_IRQHandler
                0x08001330                TIM5_IRQHandler
                0x08001330                DMA2_Stream7_IRQHandler
                0x08001330                I2C3_EV_IRQHandler
                0x08001330                EXTI9_5_IRQHandler
                0x08001330                RTC_WKUP_IRQHandler
                0x08001330                SPI2_IRQHandler
                0x08001330                DMA1_Stream0_IRQHandler
                0x08001330                EXTI4_IRQHandler
                0x08001330                WWDG_IRQHandler
                0x08001330                TIM2_IRQHandler
                0x08001330                OTG_FS_WKUP_IRQHandler
                0x08001330                TIM1_TRG_COM_TIM11_IRQHandler
                0x08001330                EXTI1_IRQHandler
                0x08001330                USART2_IRQHandler
                0x08001330                I2C2_ER_IRQHandler
                0x08001330                DMA2_Stream1_IRQHandler
                0x08001330                FLASH_IRQHandler
                0x08001330                DMA2_Stream4_IRQHandler
                0x08001330                USART1_IRQHandler
                0x08001330                OTG_FS_IRQHandler
                0x08001330                SPI3_IRQHandler
                0x08001330                DMA1_Stream4_IRQHandler
                0x08001330                I2C1_ER_IRQHandler
                0x08001330                DMA2_Stream6_IRQHandler
                0x08001330                DMA1_Stream3_IRQHandler
 *fill*         0x08001332        0x2 
 .text.HAL_Init
                0x08001334       0x44 ./Drivers/STM32F4xx_HAL_Driver/Src/stm32f4xx_hal.o
                0x08001334                HAL_Init
 .text.HAL_InitTick
                0x08001378       0x60 ./Drivers/STM32F4xx_HAL_Driver/Src/stm32f4xx_hal.o
                0x08001378                HAL_InitTick
 .text.HAL_IncTick
                0x080013d8       0x28 ./Drivers/STM32F4xx_HAL_Driver/Src/stm32f4xx_hal.o
                0x080013d8                HAL_IncTick
 .text.HAL_GetTick
                0x08001400       0x18 ./Drivers/STM32F4xx_HAL_Driver/Src/stm32f4xx_hal.o
                0x08001400                HAL_GetTick
 .text.HAL_Delay
                0x08001418       0x48 ./Drivers/STM32F4xx_HAL_Driver/Src/stm32f4xx_hal.o
                0x08001418                HAL_Delay
 .text.__NVIC_SetPriorityGrouping
                0x08001460       0x48 ./Drivers/STM32F4xx_HAL_Driver/Src/stm32f4xx_hal_cortex.o
 .text.__NVIC_GetPriorityGrouping
                0x080014a8       0x1c ./Drivers/STM32F4xx_HAL_Driver/Src/stm32f4xx_hal_cortex.o
 .text.__NVIC_SetPriority
                0x080014c4       0x54 ./Drivers/STM32F4xx_HAL_Driver/Src/stm32f4xx_hal_cortex.o
 .text.NVIC_EncodePriority
                0x08001518       0x66 ./Drivers/STM32F4xx_HAL_Driver/Src/stm32f4xx_hal_cortex.o
 *fill*         0x0800157e        0x2 
 .text.SysTick_Config
                0x08001580       0x44 ./Drivers/STM32F4xx_HAL_Driver/Src/stm32f4xx_hal_cortex.o
 .text.HAL_NVIC_SetPriorityGrouping
                0x080015c4       0x16 ./Drivers/STM32F4xx_HAL_Driver/Src/stm32f4xx_hal_cortex.o
                0x080015c4                HAL_NVIC_SetPriorityGrouping
 .text.HAL_NVIC_SetPriority
                0x080015da       0x38 ./Drivers/STM32F4xx_HAL_Driver/Src/stm32f4xx_hal_cortex.o
                0x080015da                HAL_NVIC_SetPriority
 .text.HAL_SYSTICK_Config
                0x08001612       0x18 ./Drivers/STM32F4xx_HAL_Driver/Src/stm32f4xx_hal_cortex.o
                0x08001612                HAL_SYSTICK_Config
 *fill*         0x0800162a        0x2 
 .text.HAL_GPIO_Init
                0x0800162c      0x308 ./Drivers/STM32F4xx_HAL_Driver/Src/stm32f4xx_hal_gpio.o
                0x0800162c                HAL_GPIO_Init
 .text.HAL_GPIO_WritePin
                0x08001934       0x32 ./Drivers/STM32F4xx_HAL_Driver/Src/stm32f4xx_hal_gpio.o
                0x08001934                HAL_GPIO_WritePin
 *fill*         0x08001966        0x2 
 .text.HAL_I2C_Init
                0x08001968      0x288 ./Drivers/STM32F4xx_HAL_Driver/Src/stm32f4xx_hal_i2c.o
                0x08001968                HAL_I2C_Init
 .text.HAL_I2C_Master_Transmit
                0x08001bf0      0x1fc ./Drivers/STM32F4xx_HAL_Driver/Src/stm32f4xx_hal_i2c.o
                0x08001bf0                HAL_I2C_Master_Transmit
 .text.I2C_MasterRequestWrite
                0x08001dec      0x104 ./Drivers/STM32F4xx_HAL_Driver/Src/stm32f4xx_hal_i2c.o
 .text.I2C_WaitOnFlagUntilTimeout
                0x08001ef0       0xf4 ./Drivers/STM32F4xx_HAL_Driver/Src/stm32f4xx_hal_i2c.o
 .text.I2C_WaitOnMasterAddressFlagUntilTimeout
                0x08001fe4      0x140 ./Drivers/STM32F4xx_HAL_Driver/Src/stm32f4xx_hal_i2c.o
 .text.I2C_WaitOnTXEFlagUntilTimeout
                0x08002124       0x90 ./Drivers/STM32F4xx_HAL_Driver/Src/stm32f4xx_hal_i2c.o
 .text.I2C_WaitOnBTFFlagUntilTimeout
                0x080021b4       0x90 ./Drivers/STM32F4xx_HAL_Driver/Src/stm32f4xx_hal_i2c.o
 .text.I2C_IsAcknowledgeFailed
                0x08002244       0x5e ./Drivers/STM32F4xx_HAL_Driver/Src/stm32f4xx_hal_i2c.o
 *fill*         0x080022a2        0x2 
 .text.HAL_RCC_OscConfig
                0x080022a4      0x4f0 ./Drivers/STM32F4xx_HAL_Driver/Src/stm32f4xx_hal_rcc.o
                0x080022a4                HAL_RCC_OscConfig
 .text.HAL_RCC_ClockConfig
                0x08002794      0x1cc ./Drivers/STM32F4xx_HAL_Driver/Src/stm32f4xx_hal_rcc.o
                0x08002794                HAL_RCC_ClockConfig
 .text.HAL_RCC_GetSysClockFreq
                0x08002960      0x20c ./Drivers/STM32F4xx_HAL_Driver/Src/stm32f4xx_hal_rcc.o
                0x08002960                HAL_RCC_GetSysClockFreq
 .text.HAL_RCC_GetHCLKFreq
                0x08002b6c       0x18 ./Drivers/STM32F4xx_HAL_Driver/Src/stm32f4xx_hal_rcc.o
                0x08002b6c                HAL_RCC_GetHCLKFreq
 .text.HAL_RCC_GetPCLK1Freq
                0x08002b84       0x28 ./Drivers/STM32F4xx_HAL_Driver/Src/stm32f4xx_hal_rcc.o
                0x08002b84                HAL_RCC_GetPCLK1Freq
 .text.HAL_RCC_GetPCLK2Freq
                0x08002bac       0x28 ./Drivers/STM32F4xx_HAL_Driver/Src/stm32f4xx_hal_rcc.o
                0x08002bac                HAL_RCC_GetPCLK2Freq
 .text.HAL_SPI_Init
                0x08002bd4      0x112 ./Drivers/STM32F4xx_HAL_Driver/Src/stm32f4xx_hal_spi.o
                0x08002bd4                HAL_SPI_Init
 .text.HAL_SPI_TransmitReceive
                0x08002ce6      0x352 ./Drivers/STM32F4xx_HAL_Driver/Src/stm32f4xx_hal_spi.o
                0x08002ce6                HAL_SPI_TransmitReceive
 .text.SPI_WaitFlagStateUntilTimeout
                0x08003038      0x110 ./Drivers/STM32F4xx_HAL_Driver/Src/stm32f4xx_hal_spi.o
 .text.SPI_EndRxTxTransaction
                0x08003148       0xa8 ./Drivers/STM32F4xx_HAL_Driver/Src/stm32f4xx_hal_spi.o
 .text.HAL_UART_Init
                0x080031f0       0xa0 ./Drivers/STM32F4xx_HAL_Driver/Src/stm32f4xx_hal_uart.o
                0x080031f0                HAL_UART_Init
 .text.UART_SetConfig
                0x08003290      0x4e8 ./Drivers/STM32F4xx_HAL_Driver/Src/stm32f4xx_hal_uart.o
 .text.memcmp   0x08003778       0x20 C:/Users/kccit/STM32CubeIDE_1.19.0/STM32CubeIDE/plugins/com.st.stm32cube.ide.mcu.externaltools.gnu-tools-for-stm32.13.3.rel1.win32_1.0.0.202411081344/tools/bin/../lib/gcc/arm-none-eabi/13.3.1/../../../../arm-none-eabi/lib/thumb/v7e-m+fp/hard\libc_nano.a(libc_a-memcmp.o)
                0x08003778                memcmp
 .text.memset   0x08003798       0x10 C:/Users/kccit/STM32CubeIDE_1.19.0/STM32CubeIDE/plugins/com.st.stm32cube.ide.mcu.externaltools.gnu-tools-for-stm32.13.3.rel1.win32_1.0.0.202411081344/tools/bin/../lib/gcc/arm-none-eabi/13.3.1/../../../../arm-none-eabi/lib/thumb/v7e-m+fp/hard\libc_nano.a(libc_a-memset.o)
                0x08003798                memset
 .text.__libc_init_array
                0x080037a8       0x48 C:/Users/kccit/STM32CubeIDE_1.19.0/STM32CubeIDE/plugins/com.st.stm32cube.ide.mcu.externaltools.gnu-tools-for-stm32.13.3.rel1.win32_1.0.0.202411081344/tools/bin/../lib/gcc/arm-none-eabi/13.3.1/../../../../arm-none-eabi/lib/thumb/v7e-m+fp/hard\libc_nano.a(libc_a-init.o)
                0x080037a8                __libc_init_array
 *(.glue_7)
 .glue_7        0x080037f0        0x0 linker stubs
 *(.glue_7t)
 .glue_7t       0x080037f0        0x0 linker stubs
 *(.eh_frame)
 .eh_frame      0x080037f0        0x0 C:/Users/kccit/STM32CubeIDE_1.19.0/STM32CubeIDE/plugins/com.st.stm32cube.ide.mcu.externaltools.gnu-tools-for-stm32.13.3.rel1.win32_1.0.0.202411081344/tools/bin/../lib/gcc/arm-none-eabi/13.3.1/thumb/v7e-m+fp/hard/crtbegin.o
 *(.init)
 .init          0x080037f0        0x4 C:/Users/kccit/STM32CubeIDE_1.19.0/STM32CubeIDE/plugins/com.st.stm32cube.ide.mcu.externaltools.gnu-tools-for-stm32.13.3.rel1.win32_1.0.0.202411081344/tools/bin/../lib/gcc/arm-none-eabi/13.3.1/thumb/v7e-m+fp/hard/crti.o
                0x080037f0                _init
 .init          0x080037f4        0x8 C:/Users/kccit/STM32CubeIDE_1.19.0/STM32CubeIDE/plugins/com.st.stm32cube.ide.mcu.externaltools.gnu-tools-for-stm32.13.3.rel1.win32_1.0.0.202411081344/tools/bin/../lib/gcc/arm-none-eabi/13.3.1/thumb/v7e-m+fp/hard/crtn.o
 *(.fini)
 .fini          0x080037fc        0x4 C:/Users/kccit/STM32CubeIDE_1.19.0/STM32CubeIDE/plugins/com.st.stm32cube.ide.mcu.externaltools.gnu-tools-for-stm32.13.3.rel1.win32_1.0.0.202411081344/tools/bin/../lib/gcc/arm-none-eabi/13.3.1/thumb/v7e-m+fp/hard/crti.o
                0x080037fc                _fini
 .fini          0x08003800        0x8 C:/Users/kccit/STM32CubeIDE_1.19.0/STM32CubeIDE/plugins/com.st.stm32cube.ide.mcu.externaltools.gnu-tools-for-stm32.13.3.rel1.win32_1.0.0.202411081344/tools/bin/../lib/gcc/arm-none-eabi/13.3.1/thumb/v7e-m+fp/hard/crtn.o
                0x08003808                        . = ALIGN (0x4)
                0x08003808                        _etext = .

.vfp11_veneer   0x08003808        0x0
 .vfp11_veneer  0x08003808        0x0 linker stubs

.v4_bx          0x08003808        0x0
 .v4_bx         0x08003808        0x0 linker stubs

.iplt           0x08003808        0x0
 .iplt          0x08003808        0x0 C:/Users/kccit/STM32CubeIDE_1.19.0/STM32CubeIDE/plugins/com.st.stm32cube.ide.mcu.externaltools.gnu-tools-for-stm32.13.3.rel1.win32_1.0.0.202411081344/tools/bin/../lib/gcc/arm-none-eabi/13.3.1/thumb/v7e-m+fp/hard/crtbegin.o

.rodata         0x08003808       0x3c
                0x08003808                        . = ALIGN (0x4)
 *(.rodata)
 .rodata        0x08003808       0x22 ./Core/Src/main.o
 *(.rodata*)
 *fill*         0x0800382a        0x2 
 .rodata.AHBPrescTable
                0x0800382c       0x10 ./Core/Src/system_stm32f4xx.o
                0x0800382c                AHBPrescTable
 .rodata.APBPrescTable
                0x0800383c        0x8 ./Core/Src/system_stm32f4xx.o
                0x0800383c                APBPrescTable
                0x08003844                        . = ALIGN (0x4)

.ARM.extab      0x08003844        0x0
                0x08003844                        . = ALIGN (0x4)
 *(.ARM.extab* .gnu.linkonce.armextab.*)
                0x08003844                        . = ALIGN (0x4)

.ARM            0x08003844        0x8
                0x08003844                        . = ALIGN (0x4)
                0x08003844                        __exidx_start = .
 *(.ARM.exidx*)
 .ARM.exidx     0x08003844        0x8 C:/Users/kccit/STM32CubeIDE_1.19.0/STM32CubeIDE/plugins/com.st.stm32cube.ide.mcu.externaltools.gnu-tools-for-stm32.13.3.rel1.win32_1.0.0.202411081344/tools/bin/../lib/gcc/arm-none-eabi/13.3.1/thumb/v7e-m+fp/hard\libgcc.a(_udivmoddi4.o)
                0x0800384c                        __exidx_end = .
                0x0800384c                        . = ALIGN (0x4)

.preinit_array  0x0800384c        0x0
                0x0800384c                        . = ALIGN (0x4)
                0x0800384c                        PROVIDE (__preinit_array_start = .)
 *(.preinit_array*)
                0x0800384c                        PROVIDE (__preinit_array_end = .)
                0x0800384c                        . = ALIGN (0x4)

.init_array     0x0800384c        0x4
                0x0800384c                        . = ALIGN (0x4)
                0x0800384c                        PROVIDE (__init_array_start = .)
 *(SORT_BY_NAME(.init_array.*))
 *(.init_array*)
 .init_array    0x0800384c        0x4 C:/Users/kccit/STM32CubeIDE_1.19.0/STM32CubeIDE/plugins/com.st.stm32cube.ide.mcu.externaltools.gnu-tools-for-stm32.13.3.rel1.win32_1.0.0.202411081344/tools/bin/../lib/gcc/arm-none-eabi/13.3.1/thumb/v7e-m+fp/hard/crtbegin.o
                0x08003850                        PROVIDE (__init_array_end = .)
                0x08003850                        . = ALIGN (0x4)

.fini_array     0x08003850        0x4
                0x08003850                        . = ALIGN (0x4)
                [!provide]                        PROVIDE (__fini_array_start = .)
 *(SORT_BY_NAME(.fini_array.*))
 *(.fini_array*)
 .fini_array    0x08003850        0x4 C:/Users/kccit/STM32CubeIDE_1.19.0/STM32CubeIDE/plugins/com.st.stm32cube.ide.mcu.externaltools.gnu-tools-for-stm32.13.3.rel1.win32_1.0.0.202411081344/tools/bin/../lib/gcc/arm-none-eabi/13.3.1/thumb/v7e-m+fp/hard/crtbegin.o
                [!provide]                        PROVIDE (__fini_array_end = .)
                0x08003854                        . = ALIGN (0x4)
                0x08003854                        _sidata = LOADADDR (.data)

.rel.dyn        0x08003854        0x0
 .rel.iplt      0x08003854        0x0 C:/Users/kccit/STM32CubeIDE_1.19.0/STM32CubeIDE/plugins/com.st.stm32cube.ide.mcu.externaltools.gnu-tools-for-stm32.13.3.rel1.win32_1.0.0.202411081344/tools/bin/../lib/gcc/arm-none-eabi/13.3.1/thumb/v7e-m+fp/hard/crtbegin.o

.data           0x20000000       0x10 load address 0x08003854
                0x20000000                        . = ALIGN (0x4)
                0x20000000                        _sdata = .
 *(.data)
 *(.data*)
 .data.savedID  0x20000000        0x4 ./Core/Src/main.o
                0x20000000                savedID
 .data.SystemCoreClock
                0x20000004        0x4 ./Core/Src/system_stm32f4xx.o
                0x20000004                SystemCoreClock
 .data.uwTickPrio
                0x20000008        0x4 ./Drivers/STM32F4xx_HAL_Driver/Src/stm32f4xx_hal.o
                0x20000008                uwTickPrio
 .data.uwTickFreq
                0x2000000c        0x1 ./Drivers/STM32F4xx_HAL_Driver/Src/stm32f4xx_hal.o
                0x2000000c                uwTickFreq
 *(.RamFunc)
 *(.RamFunc*)
                0x20000010                        . = ALIGN (0x4)
 *fill*         0x2000000d        0x3 
                0x20000010                        _edata = .

.igot.plt       0x20000010        0x0 load address 0x08003864
 .igot.plt      0x20000010        0x0 C:/Users/kccit/STM32CubeIDE_1.19.0/STM32CubeIDE/plugins/com.st.stm32cube.ide.mcu.externaltools.gnu-tools-for-stm32.13.3.rel1.win32_1.0.0.202411081344/tools/bin/../lib/gcc/arm-none-eabi/13.3.1/thumb/v7e-m+fp/hard/crtbegin.o
                0x20000010                        . = ALIGN (0x4)

.bss            0x20000010      0x114 load address 0x08003864
                0x20000010                        _sbss = .
                0x20000010                        __bss_start__ = _sbss
 *(.bss)
 .bss           0x20000010       0x1c C:/Users/kccit/STM32CubeIDE_1.19.0/STM32CubeIDE/plugins/com.st.stm32cube.ide.mcu.externaltools.gnu-tools-for-stm32.13.3.rel1.win32_1.0.0.202411081344/tools/bin/../lib/gcc/arm-none-eabi/13.3.1/thumb/v7e-m+fp/hard/crtbegin.o
 *(.bss*)
 .bss.hi2c2     0x2000002c       0x54 ./Core/Src/i2c.o
                0x2000002c                hi2c2
 .bss.hspi1     0x20000080       0x58 ./Core/Src/spi.o
                0x20000080                hspi1
 .bss.huart2    0x200000d8       0x48 ./Core/Src/usart.o
                0x200000d8                huart2
 .bss.uwTick    0x20000120        0x4 ./Drivers/STM32F4xx_HAL_Driver/Src/stm32f4xx_hal.o
                0x20000120                uwTick
 *(COMMON)
                0x20000124                        . = ALIGN (0x4)
                0x20000124                        _ebss = .
                0x20000124                        __bss_end__ = _ebss

._user_heap_stack
                0x20000124      0x604 load address 0x08003864
                0x20000128                        . = ALIGN (0x8)
 *fill*         0x20000124        0x4 
                [!provide]                        PROVIDE (end = .)
                0x20000128                        PROVIDE (_end = .)
                0x20000328                        . = (. + _Min_Heap_Size)
 *fill*         0x20000128      0x200 
                0x20000728                        . = (. + _Min_Stack_Size)
 *fill*         0x20000328      0x400 
                0x20000728                        . = ALIGN (0x8)

/DISCARD/
 libc.a(*)
 libm.a(*)
 libgcc.a(*)

.ARM.attributes
                0x00000000       0x30
 *(.ARM.attributes)
 .ARM.attributes
                0x00000000       0x22 C:/Users/kccit/STM32CubeIDE_1.19.0/STM32CubeIDE/plugins/com.st.stm32cube.ide.mcu.externaltools.gnu-tools-for-stm32.13.3.rel1.win32_1.0.0.202411081344/tools/bin/../lib/gcc/arm-none-eabi/13.3.1/thumb/v7e-m+fp/hard/crti.o
 .ARM.attributes
                0x00000022       0x34 C:/Users/kccit/STM32CubeIDE_1.19.0/STM32CubeIDE/plugins/com.st.stm32cube.ide.mcu.externaltools.gnu-tools-for-stm32.13.3.rel1.win32_1.0.0.202411081344/tools/bin/../lib/gcc/arm-none-eabi/13.3.1/thumb/v7e-m+fp/hard/crtbegin.o
 .ARM.attributes
                0x00000056       0x34 ./Core/Src/RC522.o
 .ARM.attributes
                0x0000008a       0x34 ./Core/Src/gpio.o
 .ARM.attributes
                0x000000be       0x34 ./Core/Src/i2c-lcd.o
 .ARM.attributes
                0x000000f2       0x34 ./Core/Src/i2c.o
 .ARM.attributes
                0x00000126       0x34 ./Core/Src/main.o
 .ARM.attributes
                0x0000015a       0x34 ./Core/Src/spi.o
 .ARM.attributes
                0x0000018e       0x34 ./Core/Src/stm32f4xx_hal_msp.o
 .ARM.attributes
                0x000001c2       0x34 ./Core/Src/stm32f4xx_it.o
 .ARM.attributes
                0x000001f6       0x34 ./Core/Src/system_stm32f4xx.o
 .ARM.attributes
                0x0000022a       0x34 ./Core/Src/usart.o
 .ARM.attributes
                0x0000025e       0x21 ./Core/Startup/startup_stm32f411retx.o
 .ARM.attributes
                0x0000027f       0x34 ./Drivers/STM32F4xx_HAL_Driver/Src/stm32f4xx_hal.o
 .ARM.attributes
                0x000002b3       0x34 ./Drivers/STM32F4xx_HAL_Driver/Src/stm32f4xx_hal_cortex.o
 .ARM.attributes
                0x000002e7       0x34 ./Drivers/STM32F4xx_HAL_Driver/Src/stm32f4xx_hal_gpio.o
 .ARM.attributes
                0x0000031b       0x34 ./Drivers/STM32F4xx_HAL_Driver/Src/stm32f4xx_hal_i2c.o
 .ARM.attributes
                0x0000034f       0x34 ./Drivers/STM32F4xx_HAL_Driver/Src/stm32f4xx_hal_rcc.o
 .ARM.attributes
                0x00000383       0x34 ./Drivers/STM32F4xx_HAL_Driver/Src/stm32f4xx_hal_spi.o
 .ARM.attributes
                0x000003b7       0x34 ./Drivers/STM32F4xx_HAL_Driver/Src/stm32f4xx_hal_uart.o
 .ARM.attributes
                0x000003eb       0x34 C:/Users/kccit/STM32CubeIDE_1.19.0/STM32CubeIDE/plugins/com.st.stm32cube.ide.mcu.externaltools.gnu-tools-for-stm32.13.3.rel1.win32_1.0.0.202411081344/tools/bin/../lib/gcc/arm-none-eabi/13.3.1/../../../../arm-none-eabi/lib/thumb/v7e-m+fp/hard\libc_nano.a(libc_a-memcmp.o)
 .ARM.attributes
                0x0000041f       0x34 C:/Users/kccit/STM32CubeIDE_1.19.0/STM32CubeIDE/plugins/com.st.stm32cube.ide.mcu.externaltools.gnu-tools-for-stm32.13.3.rel1.win32_1.0.0.202411081344/tools/bin/../lib/gcc/arm-none-eabi/13.3.1/../../../../arm-none-eabi/lib/thumb/v7e-m+fp/hard\libc_nano.a(libc_a-memset.o)
 .ARM.attributes
                0x00000453       0x34 C:/Users/kccit/STM32CubeIDE_1.19.0/STM32CubeIDE/plugins/com.st.stm32cube.ide.mcu.externaltools.gnu-tools-for-stm32.13.3.rel1.win32_1.0.0.202411081344/tools/bin/../lib/gcc/arm-none-eabi/13.3.1/../../../../arm-none-eabi/lib/thumb/v7e-m+fp/hard\libc_nano.a(libc_a-init.o)
 .ARM.attributes
                0x00000487       0x22 C:/Users/kccit/STM32CubeIDE_1.19.0/STM32CubeIDE/plugins/com.st.stm32cube.ide.mcu.externaltools.gnu-tools-for-stm32.13.3.rel1.win32_1.0.0.202411081344/tools/bin/../lib/gcc/arm-none-eabi/13.3.1/thumb/v7e-m+fp/hard\libgcc.a(_aeabi_uldivmod.o)
 .ARM.attributes
                0x000004a9       0x34 C:/Users/kccit/STM32CubeIDE_1.19.0/STM32CubeIDE/plugins/com.st.stm32cube.ide.mcu.externaltools.gnu-tools-for-stm32.13.3.rel1.win32_1.0.0.202411081344/tools/bin/../lib/gcc/arm-none-eabi/13.3.1/thumb/v7e-m+fp/hard\libgcc.a(_udivmoddi4.o)
 .ARM.attributes
                0x000004dd       0x22 C:/Users/kccit/STM32CubeIDE_1.19.0/STM32CubeIDE/plugins/com.st.stm32cube.ide.mcu.externaltools.gnu-tools-for-stm32.13.3.rel1.win32_1.0.0.202411081344/tools/bin/../lib/gcc/arm-none-eabi/13.3.1/thumb/v7e-m+fp/hard\libgcc.a(_dvmd_tls.o)
 .ARM.attributes
                0x000004ff       0x22 C:/Users/kccit/STM32CubeIDE_1.19.0/STM32CubeIDE/plugins/com.st.stm32cube.ide.mcu.externaltools.gnu-tools-for-stm32.13.3.rel1.win32_1.0.0.202411081344/tools/bin/../lib/gcc/arm-none-eabi/13.3.1/thumb/v7e-m+fp/hard/crtn.o
OUTPUT(Mini_project.elf elf32-littlearm)
LOAD linker stubs
LOAD C:/Users/kccit/STM32CubeIDE_1.19.0/STM32CubeIDE/plugins/com.st.stm32cube.ide.mcu.externaltools.gnu-tools-for-stm32.13.3.rel1.win32_1.0.0.202411081344/tools/bin/../lib/gcc/arm-none-eabi/13.3.1/../../../../arm-none-eabi/lib/thumb/v7e-m+fp/hard\libc.a
LOAD C:/Users/kccit/STM32CubeIDE_1.19.0/STM32CubeIDE/plugins/com.st.stm32cube.ide.mcu.externaltools.gnu-tools-for-stm32.13.3.rel1.win32_1.0.0.202411081344/tools/bin/../lib/gcc/arm-none-eabi/13.3.1/../../../../arm-none-eabi/lib/thumb/v7e-m+fp/hard\libm.a
LOAD C:/Users/kccit/STM32CubeIDE_1.19.0/STM32CubeIDE/plugins/com.st.stm32cube.ide.mcu.externaltools.gnu-tools-for-stm32.13.3.rel1.win32_1.0.0.202411081344/tools/bin/../lib/gcc/arm-none-eabi/13.3.1/thumb/v7e-m+fp/hard\libgcc.a

.debug_info     0x00000000     0xd470
 .debug_info    0x00000000      0xcea ./Core/Src/RC522.o
 .debug_info    0x00000cea      0x433 ./Core/Src/gpio.o
 .debug_info    0x0000111d      0x770 ./Core/Src/i2c-lcd.o
 .debug_info    0x0000188d      0x9fd ./Core/Src/i2c.o
 .debug_info    0x0000228a      0x78b ./Core/Src/main.o
 .debug_info    0x00002a15      0x980 ./Core/Src/spi.o
 .debug_info    0x00003395      0x2a4 ./Core/Src/stm32f4xx_hal_msp.o
 .debug_info    0x00003639      0x112 ./Core/Src/stm32f4xx_it.o
 .debug_info    0x0000374b      0x53e ./Core/Src/system_stm32f4xx.o
 .debug_info    0x00003c89      0x94e ./Core/Src/usart.o
 .debug_info    0x000045d7       0x30 ./Core/Startup/startup_stm32f411retx.o
 .debug_info    0x00004607      0x8c4 ./Drivers/STM32F4xx_HAL_Driver/Src/stm32f4xx_hal.o
 .debug_info    0x00004ecb      0xcfc ./Drivers/STM32F4xx_HAL_Driver/Src/stm32f4xx_hal_cortex.o
 .debug_info    0x00005bc7      0x6f9 ./Drivers/STM32F4xx_HAL_Driver/Src/stm32f4xx_hal_gpio.o
 .debug_info    0x000062c0     0x2426 ./Drivers/STM32F4xx_HAL_Driver/Src/stm32f4xx_hal_i2c.o
 .debug_info    0x000086e6      0x904 ./Drivers/STM32F4xx_HAL_Driver/Src/stm32f4xx_hal_rcc.o
 .debug_info    0x00008fea     0x1530 ./Drivers/STM32F4xx_HAL_Driver/Src/stm32f4xx_hal_spi.o
 .debug_info    0x0000a51a     0x2f56 ./Drivers/STM32F4xx_HAL_Driver/Src/stm32f4xx_hal_uart.o

.debug_abbrev   0x00000000     0x2320
 .debug_abbrev  0x00000000      0x2be ./Core/Src/RC522.o
 .debug_abbrev  0x000002be      0x151 ./Core/Src/gpio.o
 .debug_abbrev  0x0000040f      0x1e2 ./Core/Src/i2c-lcd.o
 .debug_abbrev  0x000005f1      0x1f6 ./Core/Src/i2c.o
 .debug_abbrev  0x000007e7      0x266 ./Core/Src/main.o
 .debug_abbrev  0x00000a4d      0x1f8 ./Core/Src/spi.o
 .debug_abbrev  0x00000c45       0xf4 ./Core/Src/stm32f4xx_hal_msp.o
 .debug_abbrev  0x00000d39       0x73 ./Core/Src/stm32f4xx_it.o
 .debug_abbrev  0x00000dac      0x11a ./Core/Src/system_stm32f4xx.o
 .debug_abbrev  0x00000ec6      0x1f8 ./Core/Src/usart.o
 .debug_abbrev  0x000010be       0x24 ./Core/Startup/startup_stm32f411retx.o
 .debug_abbrev  0x000010e2      0x24b ./Drivers/STM32F4xx_HAL_Driver/Src/stm32f4xx_hal.o
 .debug_abbrev  0x0000132d      0x31d ./Drivers/STM32F4xx_HAL_Driver/Src/stm32f4xx_hal_cortex.o
 .debug_abbrev  0x0000164a      0x1d3 ./Drivers/STM32F4xx_HAL_Driver/Src/stm32f4xx_hal_gpio.o
 .debug_abbrev  0x0000181d      0x2bc ./Drivers/STM32F4xx_HAL_Driver/Src/stm32f4xx_hal_i2c.o
 .debug_abbrev  0x00001ad9      0x2b6 ./Drivers/STM32F4xx_HAL_Driver/Src/stm32f4xx_hal_rcc.o
 .debug_abbrev  0x00001d8f      0x276 ./Drivers/STM32F4xx_HAL_Driver/Src/stm32f4xx_hal_spi.o
 .debug_abbrev  0x00002005      0x31b ./Drivers/STM32F4xx_HAL_Driver/Src/stm32f4xx_hal_uart.o

.debug_aranges  0x00000000      0xc80
 .debug_aranges
                0x00000000       0xc0 ./Core/Src/RC522.o
 .debug_aranges
                0x000000c0       0x20 ./Core/Src/gpio.o
 .debug_aranges
                0x000000e0       0x48 ./Core/Src/i2c-lcd.o
 .debug_aranges
                0x00000128       0x38 ./Core/Src/i2c.o
 .debug_aranges
                0x00000160       0x70 ./Core/Src/main.o
 .debug_aranges
                0x000001d0       0x30 ./Core/Src/spi.o
 .debug_aranges
                0x00000200       0x20 ./Core/Src/stm32f4xx_hal_msp.o
 .debug_aranges
                0x00000220       0x60 ./Core/Src/stm32f4xx_it.o
 .debug_aranges
                0x00000280       0x28 ./Core/Src/system_stm32f4xx.o
 .debug_aranges
                0x000002a8       0x30 ./Core/Src/usart.o
 .debug_aranges
                0x000002d8       0x28 ./Core/Startup/startup_stm32f411retx.o
 .debug_aranges
                0x00000300       0xf0 ./Drivers/STM32F4xx_HAL_Driver/Src/stm32f4xx_hal.o
 .debug_aranges
                0x000003f0      0x130 ./Drivers/STM32F4xx_HAL_Driver/Src/stm32f4xx_hal_cortex.o
 .debug_aranges
                0x00000520       0x58 ./Drivers/STM32F4xx_HAL_Driver/Src/stm32f4xx_hal_gpio.o
 .debug_aranges
                0x00000578      0x2a8 ./Drivers/STM32F4xx_HAL_Driver/Src/stm32f4xx_hal_i2c.o
 .debug_aranges
                0x00000820       0x88 ./Drivers/STM32F4xx_HAL_Driver/Src/stm32f4xx_hal_rcc.o
 .debug_aranges
                0x000008a8      0x1d0 ./Drivers/STM32F4xx_HAL_Driver/Src/stm32f4xx_hal_spi.o
 .debug_aranges
                0x00000a78      0x208 ./Drivers/STM32F4xx_HAL_Driver/Src/stm32f4xx_hal_uart.o

.debug_rnglists
                0x00000000      0x9b0
 .debug_rnglists
                0x00000000       0x90 ./Core/Src/RC522.o
 .debug_rnglists
                0x00000090       0x14 ./Core/Src/gpio.o
 .debug_rnglists
                0x000000a4       0x31 ./Core/Src/i2c-lcd.o
 .debug_rnglists
                0x000000d5       0x26 ./Core/Src/i2c.o
 .debug_rnglists
                0x000000fb       0x51 ./Core/Src/main.o
 .debug_rnglists
                0x0000014c       0x20 ./Core/Src/spi.o
 .debug_rnglists
                0x0000016c       0x13 ./Core/Src/stm32f4xx_hal_msp.o
 .debug_rnglists
                0x0000017f       0x43 ./Core/Src/stm32f4xx_it.o
 .debug_rnglists
                0x000001c2       0x1a ./Core/Src/system_stm32f4xx.o
 .debug_rnglists
                0x000001dc       0x20 ./Core/Src/usart.o
 .debug_rnglists
                0x000001fc       0x19 ./Core/Startup/startup_stm32f411retx.o
 .debug_rnglists
                0x00000215       0xaf ./Drivers/STM32F4xx_HAL_Driver/Src/stm32f4xx_hal.o
 .debug_rnglists
                0x000002c4       0xe0 ./Drivers/STM32F4xx_HAL_Driver/Src/stm32f4xx_hal_cortex.o
 .debug_rnglists
                0x000003a4       0x3f ./Drivers/STM32F4xx_HAL_Driver/Src/stm32f4xx_hal_gpio.o
 .debug_rnglists
                0x000003e3      0x23c ./Drivers/STM32F4xx_HAL_Driver/Src/stm32f4xx_hal_i2c.o
 .debug_rnglists
                0x0000061f       0x66 ./Drivers/STM32F4xx_HAL_Driver/Src/stm32f4xx_hal_rcc.o
 .debug_rnglists
                0x00000685      0x16f ./Drivers/STM32F4xx_HAL_Driver/Src/stm32f4xx_hal_spi.o
 .debug_rnglists
                0x000007f4      0x1bc ./Drivers/STM32F4xx_HAL_Driver/Src/stm32f4xx_hal_uart.o

.debug_macro    0x00000000    0x16c92
 .debug_macro   0x00000000      0x1ef ./Core/Src/RC522.o
 .debug_macro   0x000001ef      0xad8 ./Core/Src/RC522.o
 .debug_macro   0x00000cc7      0x2a1 ./Core/Src/RC522.o
 .debug_macro   0x00000f68       0x2e ./Core/Src/RC522.o
 .debug_macro   0x00000f96       0x28 ./Core/Src/RC522.o
 .debug_macro   0x00000fbe       0x22 ./Core/Src/RC522.o
 .debug_macro   0x00000fe0       0x8e ./Core/Src/RC522.o
 .debug_macro   0x0000106e       0x51 ./Core/Src/RC522.o
 .debug_macro   0x000010bf      0x103 ./Core/Src/RC522.o
 .debug_macro   0x000011c2       0x6a ./Core/Src/RC522.o
 .debug_macro   0x0000122c      0x1df ./Core/Src/RC522.o
 .debug_macro   0x0000140b       0x1c ./Core/Src/RC522.o
 .debug_macro   0x00001427       0x22 ./Core/Src/RC522.o
 .debug_macro   0x00001449       0xfb ./Core/Src/RC522.o
 .debug_macro   0x00001544     0x1011 ./Core/Src/RC522.o
 .debug_macro   0x00002555      0x11f ./Core/Src/RC522.o
 .debug_macro   0x00002674     0xb968 ./Core/Src/RC522.o
 .debug_macro   0x0000dfdc       0x6d ./Core/Src/RC522.o
 .debug_macro   0x0000e049     0x3693 ./Core/Src/RC522.o
 .debug_macro   0x000116dc      0x190 ./Core/Src/RC522.o
 .debug_macro   0x0001186c       0x5c ./Core/Src/RC522.o
 .debug_macro   0x000118c8      0x45c ./Core/Src/RC522.o
 .debug_macro   0x00011d24      0x9e9 ./Core/Src/RC522.o
 .debug_macro   0x0001270d      0x115 ./Core/Src/RC522.o
 .debug_macro   0x00012822      0x11b ./Core/Src/RC522.o
 .debug_macro   0x0001293d       0xa5 ./Core/Src/RC522.o
 .debug_macro   0x000129e2      0x15f ./Core/Src/RC522.o
 .debug_macro   0x00012b41      0x287 ./Core/Src/RC522.o
 .debug_macro   0x00012dc8       0x5f ./Core/Src/RC522.o
 .debug_macro   0x00012e27      0x236 ./Core/Src/RC522.o
 .debug_macro   0x0001305d      0x132 ./Core/Src/RC522.o
 .debug_macro   0x0001318f      0x264 ./Core/Src/RC522.o
 .debug_macro   0x000133f3       0x2e ./Core/Src/RC522.o
 .debug_macro   0x00013421      0x1b5 ./Core/Src/RC522.o
 .debug_macro   0x000135d6       0x22 ./Core/Src/RC522.o
 .debug_macro   0x000135f8       0xd6 ./Core/Src/RC522.o
 .debug_macro   0x000136ce      0x127 ./Core/Src/RC522.o
 .debug_macro   0x000137f5       0x85 ./Core/Src/RC522.o
 .debug_macro   0x0001387a       0x89 ./Core/Src/RC522.o
 .debug_macro   0x00013903      0x225 ./Core/Src/RC522.o
 .debug_macro   0x00013b28      0x2aa ./Core/Src/RC522.o
 .debug_macro   0x00013dd2      0x126 ./Core/Src/RC522.o
 .debug_macro   0x00013ef8       0x16 ./Core/Src/RC522.o
 .debug_macro   0x00013f0e      0x23e ./Core/Src/RC522.o
 .debug_macro   0x0001414c      0x1f6 ./Core/Src/gpio.o
 .debug_macro   0x00014342       0x10 ./Core/Src/gpio.o
 .debug_macro   0x00014352      0x2d2 ./Core/Src/i2c-lcd.o
 .debug_macro   0x00014624       0x61 ./Core/Src/i2c-lcd.o
 .debug_macro   0x00014685       0x2a ./Core/Src/i2c-lcd.o
 .debug_macro   0x000146af       0x43 ./Core/Src/i2c-lcd.o
 .debug_macro   0x000146f2       0x34 ./Core/Src/i2c-lcd.o
 .debug_macro   0x00014726      0x370 ./Core/Src/i2c-lcd.o
 .debug_macro   0x00014a96       0x16 ./Core/Src/i2c-lcd.o
 .debug_macro   0x00014aac       0x4a ./Core/Src/i2c-lcd.o
 .debug_macro   0x00014af6       0x34 ./Core/Src/i2c-lcd.o
 .debug_macro   0x00014b2a       0x10 ./Core/Src/i2c-lcd.o
 .debug_macro   0x00014b3a       0x58 ./Core/Src/i2c-lcd.o
 .debug_macro   0x00014b92       0x8e ./Core/Src/i2c-lcd.o
 .debug_macro   0x00014c20       0x1c ./Core/Src/i2c-lcd.o
 .debug_macro   0x00014c3c      0x185 ./Core/Src/i2c-lcd.o
 .debug_macro   0x00014dc1       0x10 ./Core/Src/i2c-lcd.o
 .debug_macro   0x00014dd1       0x3c ./Core/Src/i2c-lcd.o
 .debug_macro   0x00014e0d       0x20 ./Core/Src/i2c-lcd.o
 .debug_macro   0x00014e2d      0x1f6 ./Core/Src/i2c.o
 .debug_macro   0x00015023      0x32d ./Core/Src/main.o
 .debug_macro   0x00015350       0x1c ./Core/Src/main.o
 .debug_macro   0x0001536c       0x10 ./Core/Src/main.o
 .debug_macro   0x0001537c       0x1c ./Core/Src/main.o
 .debug_macro   0x00015398       0x16 ./Core/Src/main.o
 .debug_macro   0x000153ae      0x146 ./Core/Src/main.o
 .debug_macro   0x000154f4      0x1f6 ./Core/Src/spi.o
 .debug_macro   0x000156ea      0x1ec ./Core/Src/stm32f4xx_hal_msp.o
 .debug_macro   0x000158d6      0x1f6 ./Core/Src/stm32f4xx_it.o
 .debug_macro   0x00015acc      0x1dd ./Core/Src/system_stm32f4xx.o
 .debug_macro   0x00015ca9      0x1f6 ./Core/Src/usart.o
 .debug_macro   0x00015e9f      0x23d ./Drivers/STM32F4xx_HAL_Driver/Src/stm32f4xx_hal.o
 .debug_macro   0x000160dc      0x1dd ./Drivers/STM32F4xx_HAL_Driver/Src/stm32f4xx_hal_cortex.o
 .debug_macro   0x000162b9      0x1e3 ./Drivers/STM32F4xx_HAL_Driver/Src/stm32f4xx_hal_gpio.o
 .debug_macro   0x0001649c      0x22b ./Drivers/STM32F4xx_HAL_Driver/Src/stm32f4xx_hal_i2c.o
 .debug_macro   0x000166c7      0x201 ./Drivers/STM32F4xx_HAL_Driver/Src/stm32f4xx_hal_rcc.o
 .debug_macro   0x000168c8      0x1ec ./Drivers/STM32F4xx_HAL_Driver/Src/stm32f4xx_hal_spi.o
 .debug_macro   0x00016ab4      0x1de ./Drivers/STM32F4xx_HAL_Driver/Src/stm32f4xx_hal_uart.o

.debug_line     0x00000000    0x1075b
 .debug_line    0x00000000      0xc3f ./Core/Src/RC522.o
 .debug_line    0x00000c3f      0x77d ./Core/Src/gpio.o
 .debug_line    0x000013bc      0xa60 ./Core/Src/i2c-lcd.o
 .debug_line    0x00001e1c      0x841 ./Core/Src/i2c.o
 .debug_line    0x0000265d      0xb85 ./Core/Src/main.o
 .debug_line    0x000031e2      0x7c7 ./Core/Src/spi.o
 .debug_line    0x000039a9      0x752 ./Core/Src/stm32f4xx_hal_msp.o
 .debug_line    0x000040fb      0x800 ./Core/Src/stm32f4xx_it.o
 .debug_line    0x000048fb      0x7c7 ./Core/Src/system_stm32f4xx.o
 .debug_line    0x000050c2      0x7bf ./Core/Src/usart.o
 .debug_line    0x00005881       0x7a ./Core/Startup/startup_stm32f411retx.o
 .debug_line    0x000058fb      0xa43 ./Drivers/STM32F4xx_HAL_Driver/Src/stm32f4xx_hal.o
 .debug_line    0x0000633e      0xd13 ./Drivers/STM32F4xx_HAL_Driver/Src/stm32f4xx_hal_cortex.o
 .debug_line    0x00007051      0xb5f ./Drivers/STM32F4xx_HAL_Driver/Src/stm32f4xx_hal_gpio.o
 .debug_line    0x00007bb0     0x3af0 ./Drivers/STM32F4xx_HAL_Driver/Src/stm32f4xx_hal_i2c.o
 .debug_line    0x0000b6a0      0xe52 ./Drivers/STM32F4xx_HAL_Driver/Src/stm32f4xx_hal_rcc.o
 .debug_line    0x0000c4f2     0x1cde ./Drivers/STM32F4xx_HAL_Driver/Src/stm32f4xx_hal_spi.o
 .debug_line    0x0000e1d0     0x258b ./Drivers/STM32F4xx_HAL_Driver/Src/stm32f4xx_hal_uart.o

.debug_str      0x00000000    0x8a3bc
 .debug_str     0x00000000    0x8a3bc ./Core/Src/RC522.o
                              0x83c1a (size before relaxing)
 .debug_str     0x0008a3bc    0x83070 ./Core/Src/gpio.o
 .debug_str     0x0008a3bc    0x8665f ./Core/Src/i2c-lcd.o
 .debug_str     0x0008a3bc    0x835b7 ./Core/Src/i2c.o
 .debug_str     0x0008a3bc    0x8719a ./Core/Src/main.o
 .debug_str     0x0008a3bc    0x834fc ./Core/Src/spi.o
 .debug_str     0x0008a3bc    0x82fc2 ./Core/Src/stm32f4xx_hal_msp.o
 .debug_str     0x0008a3bc    0x82f19 ./Core/Src/stm32f4xx_it.o
 .debug_str     0x0008a3bc    0x8302e ./Core/Src/system_stm32f4xx.o
 .debug_str     0x0008a3bc    0x8352d ./Core/Src/usart.o
 .debug_str     0x0008a3bc       0x73 ./Core/Startup/startup_stm32f411retx.o
 .debug_str     0x0008a3bc    0x83a5a ./Drivers/STM32F4xx_HAL_Driver/Src/stm32f4xx_hal.o
 .debug_str     0x0008a3bc    0x837c4 ./Drivers/STM32F4xx_HAL_Driver/Src/stm32f4xx_hal_cortex.o
 .debug_str     0x0008a3bc    0x831a9 ./Drivers/STM32F4xx_HAL_Driver/Src/stm32f4xx_hal_gpio.o
 .debug_str     0x0008a3bc    0x8403f ./Drivers/STM32F4xx_HAL_Driver/Src/stm32f4xx_hal_i2c.o
 .debug_str     0x0008a3bc    0x83462 ./Drivers/STM32F4xx_HAL_Driver/Src/stm32f4xx_hal_rcc.o
 .debug_str     0x0008a3bc    0x838da ./Drivers/STM32F4xx_HAL_Driver/Src/stm32f4xx_hal_spi.o
 .debug_str     0x0008a3bc    0x83a31 ./Drivers/STM32F4xx_HAL_Driver/Src/stm32f4xx_hal_uart.o

.comment        0x00000000       0x43
 .comment       0x00000000       0x43 ./Core/Src/RC522.o
                                 0x44 (size before relaxing)
 .comment       0x00000043       0x44 ./Core/Src/gpio.o
 .comment       0x00000043       0x44 ./Core/Src/i2c-lcd.o
 .comment       0x00000043       0x44 ./Core/Src/i2c.o
 .comment       0x00000043       0x44 ./Core/Src/main.o
 .comment       0x00000043       0x44 ./Core/Src/spi.o
 .comment       0x00000043       0x44 ./Core/Src/stm32f4xx_hal_msp.o
 .comment       0x00000043       0x44 ./Core/Src/stm32f4xx_it.o
 .comment       0x00000043       0x44 ./Core/Src/system_stm32f4xx.o
 .comment       0x00000043       0x44 ./Core/Src/usart.o
 .comment       0x00000043       0x44 ./Drivers/STM32F4xx_HAL_Driver/Src/stm32f4xx_hal.o
 .comment       0x00000043       0x44 ./Drivers/STM32F4xx_HAL_Driver/Src/stm32f4xx_hal_cortex.o
 .comment       0x00000043       0x44 ./Drivers/STM32F4xx_HAL_Driver/Src/stm32f4xx_hal_gpio.o
 .comment       0x00000043       0x44 ./Drivers/STM32F4xx_HAL_Driver/Src/stm32f4xx_hal_i2c.o
 .comment       0x00000043       0x44 ./Drivers/STM32F4xx_HAL_Driver/Src/stm32f4xx_hal_rcc.o
 .comment       0x00000043       0x44 ./Drivers/STM32F4xx_HAL_Driver/Src/stm32f4xx_hal_spi.o
 .comment       0x00000043       0x44 ./Drivers/STM32F4xx_HAL_Driver/Src/stm32f4xx_hal_uart.o

.debug_frame    0x00000000     0x32d4
 .debug_frame   0x00000000      0x2e4 ./Core/Src/RC522.o
 .debug_frame   0x000002e4       0x34 ./Core/Src/gpio.o
 .debug_frame   0x00000318       0xd8 ./Core/Src/i2c-lcd.o
 .debug_frame   0x000003f0       0x90 ./Core/Src/i2c.o
 .debug_frame   0x00000480      0x14c ./Core/Src/main.o
 .debug_frame   0x000005cc       0x74 ./Core/Src/spi.o
 .debug_frame   0x00000640       0x34 ./Core/Src/stm32f4xx_hal_msp.o
 .debug_frame   0x00000674      0x104 ./Core/Src/stm32f4xx_it.o
 .debug_frame   0x00000778       0x58 ./Core/Src/system_stm32f4xx.o
 .debug_frame   0x000007d0       0x74 ./Core/Src/usart.o
 .debug_frame   0x00000844      0x374 ./Drivers/STM32F4xx_HAL_Driver/Src/stm32f4xx_hal.o
 .debug_frame   0x00000bb8      0x508 ./Drivers/STM32F4xx_HAL_Driver/Src/stm32f4xx_hal_cortex.o
 .debug_frame   0x000010c0      0x14c ./Drivers/STM32F4xx_HAL_Driver/Src/stm32f4xx_hal_gpio.o
 .debug_frame   0x0000120c      0xc84 ./Drivers/STM32F4xx_HAL_Driver/Src/stm32f4xx_hal_i2c.o
 .debug_frame   0x00001e90      0x1f4 ./Drivers/STM32F4xx_HAL_Driver/Src/stm32f4xx_hal_rcc.o
 .debug_frame   0x00002084      0x828 ./Drivers/STM32F4xx_HAL_Driver/Src/stm32f4xx_hal_spi.o
 .debug_frame   0x000028ac      0x954 ./Drivers/STM32F4xx_HAL_Driver/Src/stm32f4xx_hal_uart.o
 .debug_frame   0x00003200       0x28 C:/Users/kccit/STM32CubeIDE_1.19.0/STM32CubeIDE/plugins/com.st.stm32cube.ide.mcu.externaltools.gnu-tools-for-stm32.13.3.rel1.win32_1.0.0.202411081344/tools/bin/../lib/gcc/arm-none-eabi/13.3.1/../../../../arm-none-eabi/lib/thumb/v7e-m+fp/hard\libc_nano.a(libc_a-memcmp.o)
 .debug_frame   0x00003228       0x20 C:/Users/kccit/STM32CubeIDE_1.19.0/STM32CubeIDE/plugins/com.st.stm32cube.ide.mcu.externaltools.gnu-tools-for-stm32.13.3.rel1.win32_1.0.0.202411081344/tools/bin/../lib/gcc/arm-none-eabi/13.3.1/../../../../arm-none-eabi/lib/thumb/v7e-m+fp/hard\libc_nano.a(libc_a-memset.o)
 .debug_frame   0x00003248       0x2c C:/Users/kccit/STM32CubeIDE_1.19.0/STM32CubeIDE/plugins/com.st.stm32cube.ide.mcu.externaltools.gnu-tools-for-stm32.13.3.rel1.win32_1.0.0.202411081344/tools/bin/../lib/gcc/arm-none-eabi/13.3.1/../../../../arm-none-eabi/lib/thumb/v7e-m+fp/hard\libc_nano.a(libc_a-init.o)
 .debug_frame   0x00003274       0x2c C:/Users/kccit/STM32CubeIDE_1.19.0/STM32CubeIDE/plugins/com.st.stm32cube.ide.mcu.externaltools.gnu-tools-for-stm32.13.3.rel1.win32_1.0.0.202411081344/tools/bin/../lib/gcc/arm-none-eabi/13.3.1/thumb/v7e-m+fp/hard\libgcc.a(_aeabi_uldivmod.o)
 .debug_frame   0x000032a0       0x34 C:/Users/kccit/STM32CubeIDE_1.19.0/STM32CubeIDE/plugins/com.st.stm32cube.ide.mcu.externaltools.gnu-tools-for-stm32.13.3.rel1.win32_1.0.0.202411081344/tools/bin/../lib/gcc/arm-none-eabi/13.3.1/thumb/v7e-m+fp/hard\libgcc.a(_udivmoddi4.o)

.debug_line_str
                0x00000000       0x57
 .debug_line_str
                0x00000000       0x57 ./Core/Startup/startup_stm32f411retx.o
